WARNING clustering 100000 points to 4096 centroids: please provide at least 159744 training points
[FAISS_PROFILE] update_vectors: remove_ids: 18.478 ms
[FAISS_PROFILE] update_vectors: quantizer.assign: 623.041 ms
[FAISS_PROFILE] update_vectors: add_core: 5.759 ms
[FAISS_PROFILE] update_vectors: total (remove+add): 647.329 ms
OpenMP 线程数: 4

========================================
SIFT1M 数据集自动聚类维护功能验证
========================================

[0.000 s] 加载训练集...
  维度: 128, 训练向量数: 100000

[0.045 s] 创建索引...
  聚类数量 (nlist): 4096
  搜索探查数 (nprobe): 64
  返回结果数 (k): 100

[0.046 s] 训练索引...
  训练完成

[61.359 s] 已启用 direct_map (Hashtable 类型)

[61.359 s] 加载数据库...
  数据库向量数: 1000000

[61.774 s] 初始添加数据...
  已添加 1000000 个向量，索引总数: 1000000

[123.090 s] 加载查询集...
  查询向量数: 10000

[123.092 s] 加载 groundtruth...
  Groundtruth 每个查询的最近邻数: 100

[123.095 s] 初始搜索和评估...
  搜索时间: 22.214 s (2.221 ms/query)
  Recall@1:   0.0003
  Recall@10:  0.0003
  Recall@100: 0.9345

[145.440 s] ========== 演示插入操作 ==========
  插入了 10000 个向量，索引总数: 1010000
  插入时间: 0.753 s
  注意：插入操作后已自动维护被插入的聚类

[146.196 s] ========== 演示更新操作 ==========
  更新了 10000 个向量
  更新时间: 2.698 s
  注意：更新操作（删除+插入）后已自动维护被操作的聚类

[148.907 s] ========== 演示删除操作 ==========
  删除了 10000 个向量，索引总数: 1000000
  删除时间: 1.467 s
  注意：删除操作后已自动维护被删除向量所在的聚类
  删除操作后，已将 nprobe 调整为 74

[150.373 s] ========== 聚类统计信息 ==========
  总向量数: 1000000
  聚类数量: 4100
  平均聚类大小: 243
  最大聚类大小: 1769
  最小聚类大小: 1
  空聚类数量: 98

  维护策略说明：
    - 如果聚类偏大（>平均大小*3），则分裂
    - 如果聚类偏小（<平均大小/3），则合并
    - 如果聚类大小适中，则只重新计算质心
    - 所有维护操作后都会同步更新quantizer中的质心

[150.373 s] ========== 最终搜索和评估 ==========
  搜索时间: 24.841 s (2.484 ms/query)
  Recall@1:   0.0002 (初始: 0.0003, 变化: -0.0001)
  Recall@10:  0.0003 (初始: 0.0003, 变化: +0.0000)
  Recall@100: 0.9333 (初始: 0.9345, 变化: -0.0012)

[175.354 s] ========== 总结 ==========
  总耗时: 175.354 s
  插入操作: 0.753 s
  更新操作: 2.698 s
  删除操作: 1.467 s
  最终搜索: 24.841 s

  验证结果：
    ✓ 插入操作后自动维护被插入的聚类
    ✓ 更新操作后自动维护被操作的聚类
    ✓ 删除操作后自动维护被删除向量所在的聚类
    ✓ 索引质量保持稳定（Recall 变化较小）
