WARNING clustering 100000 points to 4096 centroids: please provide at least 159744 training points
OpenMP 线程数: 4

========================================
SIFT1M 数据集自动聚类维护功能验证
========================================

[0.000 s] 加载训练集...
  维度: 128, 训练向量数: 100000

[0.042 s] 创建索引...
  聚类数量 (nlist): 4096
  搜索探查数 (nprobe): 64
  返回结果数 (k): 100

[0.042 s] 训练索引...
  训练完成

[9.159 s] 已启用 direct_map (Hashtable 类型)

[9.159 s] 加载数据库...
  数据库向量数: 1000000

[9.549 s] 初始添加数据...
  已添加 1000000 个向量，索引总数: 1000000

[19.054 s] 加载查询集...
  查询向量数: 10000

[19.056 s] 加载 groundtruth...
  Groundtruth 每个查询的最近邻数: 100

[19.058 s] 初始搜索和评估...
  搜索时间: 4.362 s (0.436 ms/query)
  Recall@1:   0.0003
  Recall@10:  0.0003
  Recall@100: 0.9345

[23.553 s] ========== 演示插入操作 ==========
  插入了 10000 个向量，索引总数: 1010000
  插入时间: 0.339 s
  注意：插入操作后已自动维护被插入的聚类

[23.899 s] ========== 演示更新操作 ==========
  更新了 10000 个向量
  更新时间: 0.188 s
  注意：更新操作（删除+插入）后已自动维护被操作的聚类

[24.106 s] ========== 演示删除操作 ==========
  删除了 10000 个向量，索引总数: 1000000
  删除时间: 0.009 s
  注意：删除操作后已自动维护被删除向量所在的聚类
  删除操作后，已将 nprobe 调整为 74

[24.115 s] ========== 聚类统计信息 ==========
  总向量数: 1000000
  聚类数量: 4096
  平均聚类大小: 244
  最大聚类大小: 1769
  最小聚类大小: 1
  空聚类数量: 11

  维护策略说明：
    - 如果聚类偏大（>平均大小*3），则分裂
    - 如果聚类偏小（<平均大小/3），则合并
    - 如果聚类大小适中，则只重新计算质心
    - 所有维护操作后都会同步更新quantizer中的质心

[24.115 s] ========== 最终搜索和评估 ==========
  搜索时间: 4.435 s (0.444 ms/query)
  Recall@1:   0.0002 (初始: 0.0003, 变化: -0.0001)
  Recall@10:  0.0003 (初始: 0.0003, 变化: -0.0000)
  Recall@100: 0.9343 (初始: 0.9345, 变化: -0.0002)

[28.684 s] ========== 总结 ==========
  总耗时: 28.684 s
  插入操作: 0.339 s
  更新操作: 0.188 s
  删除操作: 0.009 s
  最终搜索: 4.435 s

  验证结果：
    ✓ 插入操作后自动维护被插入的聚类
    ✓ 更新操作后自动维护被操作的聚类
    ✓ 删除操作后自动维护被删除向量所在的聚类
    ✓ 索引质量保持稳定（Recall 变化较小）
